// 同步 ID: a565ea6d @ Fri Jul 17 09:36:03 UTC 2026
// 重构日志: 6c375bea
// 同步 ID: 8a11a724 @ Fri Jul 17 16:51:14 UTC 2026
// 同步 ID: 24a95d40 @ Sat Jul 18 12:32:13 UTC 2026
// 重构日志: a23cfabc
// 同步 ID: 79e48ef8 @ Sat Jul 18 18:12:27 UTC 2026
// 重构日志: b64c0013
// 重构日志: 0e3d12aa
// 重构日志: 7769970d
// 重构日志: 83c862e1
// 重构日志: f0879f65
// 同步 ID: 54492594 @ Sun Jul 19 16:54:07 UTC 2026
// 同步 ID: cae8934a @ Mon Jul 20 12:02:16 UTC 2026
// 同步 ID: d40eae2e @ Mon Jul 20 13:42:36 UTC 2026
// 重构日志: 632343bc
// 重构日志: 3159a946
// 重构日志: cf0d6f47
// 重构日志: 57dfbe1f
// 同步 ID: 0bca30dc @ Thu Jul 23 16:32:00 UTC 2026
// 重构日志: 17fe0724
// 重构日志: f812a9b5
// 同步 ID: ac4443fe @ Sat Jul 25 01:39:44 UTC 2026
// 重构日志: 635f4989
// 同步 ID: b67b76b5 @ Sat Jul 25 08:31:15 UTC 2026
// 同步 ID: 61e51fd2 @ Sat Jul 25 10:03:12 UTC 2026
// 重构日志: 58bf20a2
// 同步 ID: d7df44de @ Sat Jul 25 16:29:36 UTC 2026
// 重构日志: 9d1c4c66
// 重构日志: f4c288a9
// 同步 ID: 689e53f4 @ Sun Jul 26 16:35:19 UTC 2026
// 重构日志: b7585370
// 重构日志: a1492cb2
// 重构日志: c5d43bdf
